******************************************************************************
                  TI ARM Linker PC v18.12.2                    
******************************************************************************
>> Linked Sat Oct 19 17:31:36 2019

OUTPUT FILE NAME:   <DataLoggerWL.out>
ENTRY POINT SYMBOL: "_c_int00_noargs"  address: 00002739


MEMORY CONFIGURATION

         name            origin    length      used     unused   attr    fill
----------------------  --------  ---------  --------  --------  ----  --------
  FLASH                 00000000   00040000  00002a78  0003d588  R  X
  SRAM                  20000000   00008000  00000259  00007da7  RW X


SEGMENT ALLOCATION MAP

run origin  load origin   length   init length attrs members
----------  ----------- ---------- ----------- ----- -------
00000000    00000000    00002a78   00002a78    r-x
  00000000    00000000    0000026c   0000026c    r-- .intvecs
  0000026c    0000026c    000025fc   000025fc    r-x .text
  00002868    00002868    000001e0   000001e0    r-- .const
  00002a48    00002a48    00000030   00000030    r-- .cinit
20000000    20000000    00000259   00000000    rw-
  20000000    20000000    00000200   00000000    rw- .stack
  20000200    20000200    00000054   00000000    rw- .bss
  20000254    20000254    00000005   00000000    rw- .data


SECTION ALLOCATION MAP

 output                                  attributes/
section   page    origin      length       input sections
--------  ----  ----------  ----------   ----------------
.intvecs   0    00000000    0000026c     
                  00000000    0000026c     tm4c123gh6pm_startup_ccs.obj (.intvecs)

.text      0    0000026c    000025fc     
                  0000026c    00000af0     rtsv7M4_T_le_v4SPD16_eabi.lib : _scanfi.c.obj (.text:__TI_scanfi)
                  00000d5c    00000460                                   : strtod.c.obj (.text:strtod)
                  000011bc    00000274     i2c0.obj (.text)
                  00001430    000001f0     main.obj (.text)
                  00001620    000001dc     rtsv7M4_T_le_v4SPD16_eabi.lib : strtoll.c.obj (.text:strtoll)
                  000017fc    000001b6                                   : fd_add_t2.asm.obj (.text)
                  000019b2    00000002                                   : div0.asm.obj (.text)
                  000019b4    0000015c                                   : strtoull.c.obj (.text:strtoull)
                  00001b10    0000013c     helperFunction.obj (.text)
                  00001c4c    00000136     rtsv7M4_T_le_v4SPD16_eabi.lib : fd_div_t2.asm.obj (.text)
                  00001d82    00000002     --HOLE-- [fill = 0]
                  00001d84    00000130                                   : strtol.c.obj (.text:strtol)
                  00001eb4    00000130     uart0.obj (.text)
                  00001fe4    00000110     rtsv7M4_T_le_v4SPD16_eabi.lib : s_scalbn.c.obj (.text:scalbn)
                  000020f4    00000110                                   : strtoul.c.obj (.text:strtoul)
                  00002204    000000fc                                   : fd_mul_t2.asm.obj (.text)
                  00002300    0000009c                                   : memcpy_t2.asm.obj (.text)
                  0000239c    00000096                                   : ull_div_t2.asm.obj (.text)
                  00002432    00000086                                   : fd_cmp_t2.asm.obj (.text:__aeabi_cdcmple)
                  000024b8    0000007a                                   : memset_t2.asm.obj (.text)
                  00002532    0000006e                                   : fd_tos_t2.asm.obj (.text)
                  000025a0    00000068                                   : sscanf.c.obj (.text:_chkmbc)
                  00002608    00000068                                   : copy_decompress_lzss.c.obj (.text:decompress:lzss:__TI_decompress_lzss)
                  00002670    0000004c                                   : atoi.c.obj (.text:atoi)
                  000026bc    00000044                                   : autoinit.c.obj (.text:__TI_auto_init_nobinit_nopinit:__TI_auto_init_nobinit_nopinit)
                  00002700    00000038                                   : sscanf.c.obj (.text:sscanf)
                  00002738    00000034                                   : boot_cortex_m.c.obj (.text:_c_int00_noargs:_c_int00_noargs)
                  0000276c    0000001c                                   : copy_zero_init.c.obj (.text:decompress:ZI:__TI_zero_init_nomemset:__TI_zero_init_nomemset)
                  00002788    0000001a                                   : s_copysign.c.obj (.text:copysign)
                  000027a2    00000018                                   : ll_mul_t2.asm.obj (.text)
                  000027ba    00000018                                   : strrchr.c.obj (.text:strrchr)
                  000027d2    00000016                                   : strchr.c.obj (.text:strchr)
                  000027e8    00000014                                   : strcpy.c.obj (.text:strcpy)
                  000027fc    00000014                                   : strlen.c.obj (.text:strlen)
                  00002810    00000012                                   : sscanf.c.obj (.text:_inpchar)
                  00002822    00000002     --HOLE-- [fill = 0]
                  00002824    00000010                                   : tolower.c.obj (.text:tolower)
                  00002834    0000000e                                   : copy_decompress_none.c.obj (.text:decompress:none:__TI_decompress_none)
                  00002842    0000000c     tm4c123gh6pm_startup_ccs.obj (.text)
                  0000284e    00000002     --HOLE-- [fill = 0]
                  00002850    00000008     rtsv7M4_T_le_v4SPD16_eabi.lib : errno.c.obj (.text:__aeabi_errno_addr)
                  00002858    00000008                                   : sscanf.c.obj (.text:_uninpchar)
                  00002860    00000004                                   : pre_init.c.obj (.text:_system_pre_init)
                  00002864    00000004                                   : exit.c.obj (.text:abort:abort)

.const     0    00002868    000001e0     
                  00002868    00000101     rtsv7M4_T_le_v4SPD16_eabi.lib : ctype.c.obj (.const:.string:_ctypes_)
                  00002969    00000007     --HOLE-- [fill = 0]
                  00002970    000000c8                                   : strtod.c.obj (.const:$O1$$)
                  00002a38    00000010                                   : _scanfi.c.obj (.const:$O1$$)

.cinit     0    00002a48    00000030     
                  00002a48    0000000c     (__TI_handler_table)
                  00002a54    00000004     --HOLE-- [fill = 0]
                  00002a58    00000008     (.cinit..bss.load) [load image, compression = zero_init]
                  00002a60    00000007     (.cinit..data.load) [load image, compression = lzss]
                  00002a67    00000001     --HOLE-- [fill = 0]
                  00002a68    00000010     (__TI_cinit_table)

.init_array 
*          0    00000000    00000000     UNINITIALIZED

.bss       0    20000200    00000054     UNINITIALIZED
                  20000200    00000050     (.common:str)
                  20000250    00000004     (.common:pos)

.data      0    20000254    00000005     UNINITIALIZED
                  20000254    00000004     rtsv7M4_T_le_v4SPD16_eabi.lib : errno.c.obj (.data)
                  20000258    00000001     helperFunction.obj (.data)

.stack     0    20000000    00000200     UNINITIALIZED
                  20000000    00000004     rtsv7M4_T_le_v4SPD16_eabi.lib : boot_cortex_m.c.obj (.stack)
                  20000004    000001fc     --HOLE--

MODULE SUMMARY

       Module                         code   ro data   rw data
       ------                         ----   -------   -------
    .\
       tm4c123gh6pm_startup_ccs.obj   12     620       0      
       i2c0.obj                       628    0         0      
       main.obj                       496    0         0      
       helperFunction.obj             316    0         85     
       uart0.obj                      304    0         0      
    +--+------------------------------+------+---------+---------+
       Total:                         1756   620       85     
                                                              
    C:\ti\ccs910\ccs\tools\compiler\ti-cgt-arm_18.12.2.LTS\lib\rtsv7M4_T_le_v4SPD16_eabi.lib
       _scanfi.c.obj                  2800   16        0      
       strtod.c.obj                   1120   200       0      
       strtoll.c.obj                  476    0         0      
       fd_add_t2.asm.obj              438    0         0      
       strtoull.c.obj                 348    0         0      
       fd_div_t2.asm.obj              310    0         0      
       strtol.c.obj                   304    0         0      
       s_scalbn.c.obj                 272    0         0      
       strtoul.c.obj                  272    0         0      
       ctype.c.obj                    0      257       0      
       fd_mul_t2.asm.obj              252    0         0      
       sscanf.c.obj                   186    0         0      
       memcpy_t2.asm.obj              156    0         0      
       ull_div_t2.asm.obj             150    0         0      
       fd_cmp_t2.asm.obj              134    0         0      
       memset_t2.asm.obj              122    0         0      
       fd_tos_t2.asm.obj              110    0         0      
       copy_decompress_lzss.c.obj     104    0         0      
       atoi.c.obj                     76     0         0      
       autoinit.c.obj                 68     0         0      
       boot_cortex_m.c.obj            52     0         0      
       copy_zero_init.c.obj           28     0         0      
       s_copysign.c.obj               26     0         0      
       ll_mul_t2.asm.obj              24     0         0      
       strrchr.c.obj                  24     0         0      
       strchr.c.obj                   22     0         0      
       strcpy.c.obj                   20     0         0      
       strlen.c.obj                   20     0         0      
       tolower.c.obj                  16     0         0      
       copy_decompress_none.c.obj     14     0         0      
       errno.c.obj                    8      0         4      
       exit.c.obj                     4      0         0      
       pre_init.c.obj                 4      0         0      
       div0.asm.obj                   2      0         0      
    +--+------------------------------+------+---------+---------+
       Total:                         7962   473       4      
                                                              
       Stack:                         0      0         512    
       Linker Generated:              0      43        0      
    +--+------------------------------+------+---------+---------+
       Grand Total:                   9718   1136      601    


LINKER GENERATED COPY TABLES

__TI_cinit_table @ 00002a68 records: 2, size/record: 8, table size: 16
	.bss: load addr=00002a58, load size=00000008 bytes, run addr=20000200, run size=00000054 bytes, compression=zero_init
	.data: load addr=00002a60, load size=00000007 bytes, run addr=20000254, run size=00000005 bytes, compression=lzss


LINKER GENERATED HANDLER TABLE

__TI_handler_table @ 00002a48 records: 3, size/record: 4, table size: 12
	index: 0, handler: __TI_decompress_lzss
	index: 1, handler: __TI_decompress_none
	index: 2, handler: __TI_zero_init


GLOBAL SYMBOLS: SORTED ALPHABETICALLY BY Name 

address   name                          
-------   ----                          
00002865  C$$EXIT                       
00001511  ExecuteCommand                
00002843  ResetISR                      
20000200  __STACK_END                   
00000200  __STACK_SIZE                  
20000200  __STACK_TOP                   
00002a68  __TI_CINIT_Base               
00002a78  __TI_CINIT_Limit              
00002a48  __TI_Handler_Table_Base       
00002a54  __TI_Handler_Table_Limit      
000026bd  __TI_auto_init_nobinit_nopinit
00002609  __TI_decompress_lzss          
00002835  __TI_decompress_none          
ffffffff  __TI_pprof_out_hndl           
ffffffff  __TI_prof_data_size           
ffffffff  __TI_prof_data_start          
0000026d  __TI_scanfi                   
00000000  __TI_static_base__            
0000276d  __TI_zero_init_nomemset       
00002433  __aeabi_cdcmpeq               
00002433  __aeabi_cdcmple               
00002533  __aeabi_d2f                   
00001807  __aeabi_dadd                  
00001c4d  __aeabi_ddiv                  
00002205  __aeabi_dmul                  
000017fd  __aeabi_dsub                  
00002851  __aeabi_errno_addr            
000019b3  __aeabi_idiv0                 
000019b3  __aeabi_ldiv0                 
000027a3  __aeabi_lmul                  
000024b9  __aeabi_memclr                
000024b9  __aeabi_memclr4               
000024b9  __aeabi_memclr8               
00002301  __aeabi_memcpy                
00002301  __aeabi_memcpy4               
00002301  __aeabi_memcpy8               
000024bb  __aeabi_memset                
000024bb  __aeabi_memset4               
000024bb  __aeabi_memset8               
0000239d  __aeabi_uldivmod              
ffffffff  __binit__                     
ffffffff  __c_args__                    
UNDEFED   __mpu_init                    
20000000  __stack                       
00002739  _c_int00_noargs               
00002868  _ctypes_                      
UNDEFED   _system_post_cinit            
00002861  _system_pre_init              
00002865  abort                         
000014dd  asciiToUint8                  
00002671  atoi                          
ffffffff  binit                         
00002789  copysign                      
00002789  copysignl                     
20000258  count                         
20000254  errno                         
00000000  g_pfnVectors                  
00001f8b  getcUart0                     
0000143f  getsUart0                     
00001431  initHw                        
000011bd  initI2c0                      
00001eb5  initUart0                     
00001bef  isCommand                     
000013d9  isI2c0Error                   
00001fe5  ldexp                         
00001fe5  ldexpl                        
00001555  main                          
00002301  memcpy                        
000024c1  memset                        
00001393  pollI2c0Address               
20000250  pos                           
00001f43  putcUart0                     
00001f5f  putsUart0                     
00001335  readI2c0Register              
00001fe5  scalbn                        
00001fe5  scalbnl                       
00002701  sscanf                        
20000200  str                           
000027d3  strchr                        
000027e9  strcpy                        
000027fd  strlen                        
000027bb  strrchr                       
00000d5d  strtod                        
00001d85  strtol                        
00000d5d  strtold                       
00001621  strtoll                       
000020f5  strtoul                       
000019b5  strtoull                      
00001b11  tokenizeString                
00002825  tolower                       
00001225  writeI2c0Register             
0000127b  writeI2c0Registers            


GLOBAL SYMBOLS: SORTED BY Symbol Address 

address   name                          
-------   ----                          
00000000  __TI_static_base__            
00000000  g_pfnVectors                  
00000200  __STACK_SIZE                  
0000026d  __TI_scanfi                   
00000d5d  strtod                        
00000d5d  strtold                       
000011bd  initI2c0                      
00001225  writeI2c0Register             
0000127b  writeI2c0Registers            
00001335  readI2c0Register              
00001393  pollI2c0Address               
000013d9  isI2c0Error                   
00001431  initHw                        
0000143f  getsUart0                     
000014dd  asciiToUint8                  
00001511  ExecuteCommand                
00001555  main                          
00001621  strtoll                       
000017fd  __aeabi_dsub                  
00001807  __aeabi_dadd                  
000019b3  __aeabi_idiv0                 
000019b3  __aeabi_ldiv0                 
000019b5  strtoull                      
00001b11  tokenizeString                
00001bef  isCommand                     
00001c4d  __aeabi_ddiv                  
00001d85  strtol                        
00001eb5  initUart0                     
00001f43  putcUart0                     
00001f5f  putsUart0                     
00001f8b  getcUart0                     
00001fe5  ldexp                         
00001fe5  ldexpl                        
00001fe5  scalbn                        
00001fe5  scalbnl                       
000020f5  strtoul                       
00002205  __aeabi_dmul                  
00002301  __aeabi_memcpy                
00002301  __aeabi_memcpy4               
00002301  __aeabi_memcpy8               
00002301  memcpy                        
0000239d  __aeabi_uldivmod              
00002433  __aeabi_cdcmpeq               
00002433  __aeabi_cdcmple               
000024b9  __aeabi_memclr                
000024b9  __aeabi_memclr4               
000024b9  __aeabi_memclr8               
000024bb  __aeabi_memset                
000024bb  __aeabi_memset4               
000024bb  __aeabi_memset8               
000024c1  memset                        
00002533  __aeabi_d2f                   
00002609  __TI_decompress_lzss          
00002671  atoi                          
000026bd  __TI_auto_init_nobinit_nopinit
00002701  sscanf                        
00002739  _c_int00_noargs               
0000276d  __TI_zero_init_nomemset       
00002789  copysign                      
00002789  copysignl                     
000027a3  __aeabi_lmul                  
000027bb  strrchr                       
000027d3  strchr                        
000027e9  strcpy                        
000027fd  strlen                        
00002825  tolower                       
00002835  __TI_decompress_none          
00002843  ResetISR                      
00002851  __aeabi_errno_addr            
00002861  _system_pre_init              
00002865  C$$EXIT                       
00002865  abort                         
00002868  _ctypes_                      
00002a48  __TI_Handler_Table_Base       
00002a54  __TI_Handler_Table_Limit      
00002a68  __TI_CINIT_Base               
00002a78  __TI_CINIT_Limit              
20000000  __stack                       
20000200  __STACK_END                   
20000200  __STACK_TOP                   
20000200  str                           
20000250  pos                           
20000254  errno                         
20000258  count                         
ffffffff  __TI_pprof_out_hndl           
ffffffff  __TI_prof_data_size           
ffffffff  __TI_prof_data_start          
ffffffff  __binit__                     
ffffffff  __c_args__                    
ffffffff  binit                         
UNDEFED   __mpu_init                    
UNDEFED   _system_post_cinit            

[92 symbols]
